// Vitest Snapshot v1, https://vitest.dev/guide/snapshot.html

exports[`should execute 'GetSomeEmployees' 1`] = `
{
  "data": {
    "employees": [
      {
        "__typename": "employees",
        "dept_emp": [
          {
            "departments": [
              {
                "dept_name": "Development",
                "dept_no": "d005",
              },
            ],
            "dept_no": "d005",
            "emp_no": 10001,
          },
        ],
        "emp_no": 10001,
        "first_name": "Georgi",
        "gender": "M",
        "last_name": "Facello",
      },
      {
        "__typename": "employees",
        "dept_emp": [
          {
            "departments": [
              {
                "dept_name": "Sales",
                "dept_no": "d007",
              },
            ],
            "dept_no": "d007",
            "emp_no": 10002,
          },
        ],
        "emp_no": 10002,
        "first_name": "Bezalel",
        "gender": "F",
        "last_name": "Simmel",
      },
      {
        "__typename": "employees",
        "dept_emp": [
          {
            "departments": [
              {
                "dept_name": "Production",
                "dept_no": "d004",
              },
            ],
            "dept_no": "d004",
            "emp_no": 10003,
          },
        ],
        "emp_no": 10003,
        "first_name": "Parto",
        "gender": "M",
        "last_name": "Bamford",
      },
      {
        "__typename": "employees",
        "dept_emp": [
          {
            "departments": [
              {
                "dept_name": "Production",
                "dept_no": "d004",
              },
            ],
            "dept_no": "d004",
            "emp_no": 10004,
          },
        ],
        "emp_no": 10004,
        "first_name": "Chirstian",
        "gender": "M",
        "last_name": "Koblick",
      },
      {
        "__typename": "employees",
        "dept_emp": [
          {
            "departments": [
              {
                "dept_name": "Human Resources",
                "dept_no": "d003",
              },
            ],
            "dept_no": "d003",
            "emp_no": 10005,
          },
        ],
        "emp_no": 10005,
        "first_name": "Kyoichi",
        "gender": "M",
        "last_name": "Maliniak",
      },
    ],
  },
}
`;
